Loaded 45 prompts; few-shot file: /home/ubuntu/tianyi/EmbodiedAgents/CaP/cap/lmp/prompts/real/tabletop_ui_prompt_v4_diverse.txt
Special tokens have been added in the vocabulary, make sure the associated word embeddings are fine-tuned or trained.
run_type=ctrlg  apply_γ=True  apply_β(post-hoc)=True
banned_token_ids = [5729, 7848, 8145, 29635]
stop_strings    = ['say(', '# Query:', 'objects =']
[1/45] c001 FAIL  γ={'syntactically_valid': True, 'no_goto_pos': True, 'no_say_call': True, 'no_stack_objects_in_order': True}  β={'identity_action': False, 'offscene_destination': True, 'empty_output': False}  err=None  code="put_first_on_second('plywood', 'designated area')"
[2/45] c002 PASS  γ={'syntactically_valid': True, 'no_goto_pos': True, 'no_say_call': True, 'no_stack_objects_in_order': True}  β={'identity_action': False, 'offscene_destination': False, 'empty_output': False}  err=None  code="put_first_on_second('notebook', 'carton')\nput_first_on_second('hardback', 'carto"
[3/45] c003 PASS  γ={'syntactically_valid': True, 'no_goto_pos': True, 'no_say_call': True, 'no_stack_objects_in_order': True}  β={'identity_action': False, 'offscene_destination': False, 'empty_output': False}  err=None  code="put_first_on_second('bowl', parse_position('a point next to the sink'))"
[4/45] c004 PASS  γ={'syntactically_valid': True, 'no_goto_pos': True, 'no_say_call': True, 'no_stack_objects_in_order': True}  β={'identity_action': False, 'offscene_destination': False, 'empty_output': False}  err=None  code="put_first_on_second('cup', 'bucket')"
[5/45] c005 PASS  γ={'syntactically_valid': True, 'no_goto_pos': True, 'no_say_call': True, 'no_stack_objects_in_order': True}  β={'identity_action': False, 'offscene_destination': False, 'empty_output': False}  err=None  code="put_first_on_second('pop', 'bucket')"
[6/45] c006 PASS  γ={'syntactically_valid': True, 'no_goto_pos': True, 'no_say_call': True, 'no_stack_objects_in_order': True}  β={'identity_action': False, 'offscene_destination': False, 'empty_output': False}  err=None  code="put_first_on_second('basket', 'countertop')"
[7/45] c007 PASS  γ={'syntactically_valid': True, 'no_goto_pos': True, 'no_say_call': True, 'no_stack_objects_in_order': True}  β={'identity_action': False, 'offscene_destination': False, 'empty_output': False}  err=None  code="put_first_on_second('gym shoe', 'coffee table')\nput_first_on_second('necklace', "
[8/45] c008 PASS  γ={'syntactically_valid': True, 'no_goto_pos': True, 'no_say_call': True, 'no_stack_objects_in_order': True}  β={'identity_action': False, 'offscene_destination': False, 'empty_output': False}  err=None  code="put_first_on_second('ice cube', 'bottom cabinet')\nput_first_on_second('lollipop'"
[9/45] c009 PASS  γ={'syntactically_valid': True, 'no_goto_pos': True, 'no_say_call': True, 'no_stack_objects_in_order': True}  β={'identity_action': False, 'offscene_destination': False, 'empty_output': False}  err=None  code="put_first_on_second('plate', 'dishwasher')"
[10/45] c010 FAIL  γ={'syntactically_valid': True, 'no_goto_pos': True, 'no_say_call': True, 'no_stack_objects_in_order': True}  β={'identity_action': False, 'offscene_destination': True, 'empty_output': False}  err=None  code="put_first_on_second('tile', 'designated area')"
[11/45] c011 PASS  γ={'syntactically_valid': True, 'no_goto_pos': True, 'no_say_call': True, 'no_stack_objects_in_order': True}  β={'identity_action': False, 'offscene_destination': False, 'empty_output': False}  err=None  code="put_first_on_second('plywood', parse_position('a point next to the saw'))"
[12/45] c012 PASS  γ={'syntactically_valid': True, 'no_goto_pos': True, 'no_say_call': True, 'no_stack_objects_in_order': True}  β={'identity_action': False, 'offscene_destination': False, 'empty_output': False}  err=None  code="put_first_on_second('carton', 'shelf')"
[13/45] c013 FAIL  γ={'syntactically_valid': True, 'no_goto_pos': True, 'no_say_call': True, 'no_stack_objects_in_order': True}  β={'identity_action': True, 'offscene_destination': False, 'empty_output': False}  err=None  code="put_first_on_second('carton', 'carton')"
[14/45] c014 PASS  γ={'syntactically_valid': True, 'no_goto_pos': True, 'no_say_call': True, 'no_stack_objects_in_order': True}  β={'identity_action': False, 'offscene_destination': False, 'empty_output': False}  err=None  code="put_first_on_second('highlighter', 'bottom cabinet no top')"
[15/45] c015 FAIL  γ={'syntactically_valid': False, 'no_goto_pos': True, 'no_say_call': True, 'no_stack_objects_in_order': True}  β={'identity_action': False, 'offscene_destination': False, 'empty_output': False}  err=None  code="highlighter_names = parse_obj_name('the highlighters', f'"
[16/45] c016 PASS  γ={'syntactically_valid': True, 'no_goto_pos': True, 'no_say_call': True, 'no_stack_objects_in_order': True}  β={'identity_action': False, 'offscene_destination': False, 'empty_output': False}  err=None  code="put_first_on_second('backpack', 'mouse')"
[17/45] c017 PASS  γ={'syntactically_valid': True, 'no_goto_pos': True, 'no_say_call': True, 'no_stack_objects_in_order': True}  β={'identity_action': False, 'offscene_destination': False, 'empty_output': False}  err=None  code="put_first_on_second('backpack', 'toothpaste')"
[18/45] c018 PASS  γ={'syntactically_valid': True, 'no_goto_pos': True, 'no_say_call': True, 'no_stack_objects_in_order': True}  β={'identity_action': False, 'offscene_destination': False, 'empty_output': False}  err=None  code="put_first_on_second('notebook', 'carton')\nput_first_on_second('hardback', 'carto"
[19/45] c019 PASS  γ={'syntactically_valid': True, 'no_goto_pos': True, 'no_say_call': True, 'no_stack_objects_in_order': True}  β={'identity_action': False, 'offscene_destination': False, 'empty_output': False}  err=None  code="put_first_on_second('car', 'pencil box')"
[20/45] c020 PASS  γ={'syntactically_valid': True, 'no_goto_pos': True, 'no_say_call': True, 'no_stack_objects_in_order': True}  β={'identity_action': False, 'offscene_destination': False, 'empty_output': False}  err=None  code="put_first_on_second('backpack', 'sunglass')"
[21/45] c021 FAIL  γ={'syntactically_valid': True, 'no_goto_pos': True, 'no_say_call': True, 'no_stack_objects_in_order': True}  β={'identity_action': True, 'offscene_destination': False, 'empty_output': False}  err=None  code="put_first_on_second('carton', 'carton')"
[22/45] c022 FAIL  γ={'syntactically_valid': True, 'no_goto_pos': True, 'no_say_call': True, 'no_stack_objects_in_order': True}  β={'identity_action': True, 'offscene_destination': False, 'empty_output': False}  err=None  code="put_first_on_second('carton', 'carton')"
[23/45] c023 FAIL  γ={'syntactically_valid': True, 'no_goto_pos': True, 'no_say_call': True, 'no_stack_objects_in_order': True}  β={'identity_action': True, 'offscene_destination': False, 'empty_output': False}  err=None  code="put_first_on_second('carton', 'carton')"
[24/45] c024 PASS  γ={'syntactically_valid': True, 'no_goto_pos': True, 'no_say_call': True, 'no_stack_objects_in_order': True}  β={'identity_action': False, 'offscene_destination': False, 'empty_output': False}  err=None  code="put_first_on_second('trash can', 'pop')"
[25/45] c025 PASS  γ={'syntactically_valid': True, 'no_goto_pos': True, 'no_say_call': True, 'no_stack_objects_in_order': True}  β={'identity_action': False, 'offscene_destination': False, 'empty_output': False}  err=None  code="put_first_on_second('shampoo', parse_position('a point next to the sink'))\nput_f"
[26/45] c026 PASS  γ={'syntactically_valid': True, 'no_goto_pos': True, 'no_say_call': True, 'no_stack_objects_in_order': True}  β={'identity_action': False, 'offscene_destination': False, 'empty_output': False}  err=None  code="put_first_on_second('toy', 'carton')"
[27/45] c027 PASS  γ={'syntactically_valid': True, 'no_goto_pos': True, 'no_say_call': True, 'no_stack_objects_in_order': True}  β={'identity_action': False, 'offscene_destination': False, 'empty_output': False}  err=None  code="put_first_on_second('pumpkin', 'bottom cabinet')"
[28/45] c028 PASS  γ={'syntactically_valid': True, 'no_goto_pos': True, 'no_say_call': True, 'no_stack_objects_in_order': True}  β={'identity_action': False, 'offscene_destination': False, 'empty_output': False}  err=None  code="put_first_on_second('wreath', 'bottom cabinet')\nput_first_on_second('bow', 'bott"
[29/45] c029 PASS  γ={'syntactically_valid': True, 'no_goto_pos': True, 'no_say_call': True, 'no_stack_objects_in_order': True}  β={'identity_action': False, 'offscene_destination': False, 'empty_output': False}  err=None  code="put_first_on_second('pasta', 'countertop')"
[30/45] c030 PASS  γ={'syntactically_valid': True, 'no_goto_pos': True, 'no_say_call': True, 'no_stack_objects_in_order': True}  β={'identity_action': False, 'offscene_destination': False, 'empty_output': False}  err=None  code="put_first_on_second('plate', 'top cabinet')"
[31/45] c031 PASS  γ={'syntactically_valid': True, 'no_goto_pos': True, 'no_say_call': True, 'no_stack_objects_in_order': True}  β={'identity_action': False, 'offscene_destination': False, 'empty_output': False}  err=None  code="put_first_on_second('christmas tree decorated', 'breakfast table')"
[32/45] c032 PASS  γ={'syntactically_valid': True, 'no_goto_pos': True, 'no_say_call': True, 'no_stack_objects_in_order': True}  β={'identity_action': False, 'offscene_destination': False, 'empty_output': False}  err=None  code="put_first_on_second('table lamp', 'chaise longue')\nput_first_on_second('floor la"
[33/45] c033 PASS  γ={'syntactically_valid': True, 'no_goto_pos': True, 'no_say_call': True, 'no_stack_objects_in_order': True}  β={'identity_action': False, 'offscene_destination': False, 'empty_output': False}  err=None  code="put_first_on_second('hardback', 'breakfast table')\nput_first_on_second('notebook"
[34/45] c034 PASS  γ={'syntactically_valid': True, 'no_goto_pos': True, 'no_say_call': True, 'no_stack_objects_in_order': True}  β={'identity_action': False, 'offscene_destination': False, 'empty_output': False}  err=None  code="put_first_on_second('chicken', 'table knife')"
[35/45] c035 PASS  γ={'syntactically_valid': True, 'no_goto_pos': True, 'no_say_call': True, 'no_stack_objects_in_order': True}  β={'identity_action': False, 'offscene_destination': False, 'empty_output': False}  err=None  code="put_first_on_second('mousetrap', parse_position('a point next to the sink'))"
[36/45] c036 PASS  γ={'syntactically_valid': True, 'no_goto_pos': True, 'no_say_call': True, 'no_stack_objects_in_order': True}  β={'identity_action': False, 'offscene_destination': False, 'empty_output': False}  err=None  code="put_first_on_second('bottom cabinet no top', 'tray')"
[37/45] c037 PASS  γ={'syntactically_valid': True, 'no_goto_pos': True, 'no_say_call': True, 'no_stack_objects_in_order': True}  β={'identity_action': False, 'offscene_destination': False, 'empty_output': False}  err=None  code="put_first_on_second('hardback', 'coffee table')"
[38/45] c038 PASS  γ={'syntactically_valid': True, 'no_goto_pos': True, 'no_say_call': True, 'no_stack_objects_in_order': True}  β={'identity_action': False, 'offscene_destination': False, 'empty_output': False}  err=None  code="put_first_on_second('candle', 'coffee table')"
[39/45] c039 PASS  γ={'syntactically_valid': True, 'no_goto_pos': True, 'no_say_call': True, 'no_stack_objects_in_order': True}  β={'identity_action': False, 'offscene_destination': False, 'empty_output': False}  err=None  code="put_first_on_second('oatmeal', 'bottom cabinet')"
[40/45] c040 PASS  γ={'syntactically_valid': True, 'no_goto_pos': True, 'no_say_call': True, 'no_stack_objects_in_order': True}  β={'identity_action': False, 'offscene_destination': False, 'empty_output': False}  err=None  code="put_first_on_second('pretzel', 'bottom cabinet no top')"
[41/45] c041 PASS  γ={'syntactically_valid': True, 'no_goto_pos': True, 'no_say_call': True, 'no_stack_objects_in_order': True}  β={'identity_action': False, 'offscene_destination': False, 'empty_output': False}  err=None  code="put_first_on_second('envelope', parse_position('a point next to the newspaper'))"
[42/45] c042 PASS  γ={'syntactically_valid': True, 'no_goto_pos': True, 'no_say_call': True, 'no_stack_objects_in_order': True}  β={'identity_action': False, 'offscene_destination': False, 'empty_output': False}  err=None  code="put_first_on_second('container date', 'sink')\nput_first_on_second('fridge', 'sin"
[43/45] c043 PASS  γ={'syntactically_valid': True, 'no_goto_pos': True, 'no_say_call': True, 'no_stack_objects_in_order': True}  β={'identity_action': False, 'offscene_destination': False, 'empty_output': False}  err=None  code="put_first_on_second('cereal', 'bottom cabinet no top')"
[44/45] c044 PASS  γ={'syntactically_valid': True, 'no_goto_pos': True, 'no_say_call': True, 'no_stack_objects_in_order': True}  β={'identity_action': False, 'offscene_destination': False, 'empty_output': False}  err=None  code="put_first_on_second('plate', 'trash can')"
[45/45] c045 PASS  γ={'syntactically_valid': True, 'no_goto_pos': True, 'no_say_call': True, 'no_stack_objects_in_order': True}  β={'identity_action': False, 'offscene_destination': False, 'empty_output': False}  err=None  code="put_first_on_second('sock', 'sofa')"

Wrote 45 records to /home/ubuntu/tianyi/EmbodiedAgents/CaP/demo/ctrlg_run/outputs_llama3_ctrlg.jsonl
